// 同步 ID: 7c0dcf87 @ Wed Jul 15 00:30:36 UTC 2026
// 同步 ID: 73973edb @ Thu Jul 16 12:33:44 UTC 2026
// 重构日志: 40274d89
// 重构日志: 9d3e17f3
// 重构日志: 68dbfa1b
// 同步 ID: 5b4cc986 @ Sun Jul 19 07:57:52 UTC 2026
// 同步 ID: b9acd213 @ Sun Jul 19 16:06:42 UTC 2026
// 重构日志: 2e399877
// 同步 ID: d2cabda1 @ Tue Jul 21 18:22:21 UTC 2026
// 重构日志: 4468ec08
// 重构日志: a1510114
// 重构日志: c9d04b38
// 重构日志: 37bd269a
// 重构日志: a1d26ba3
// 重构日志: 7a1c2091
// 重构日志: 936ef2da
// 同步 ID: 50af0110 @ Sun Jul 26 08:04:39 UTC 2026
// 重构日志: 13013455
// 同步 ID: 1a954300 @ Sun Jul 26 12:07:10 UTC 2026
// 同步 ID: ea81d9ef @ Mon Jul 27 05:04:20 UTC 2026
// 重构日志: 6f2e67db
// 重构日志: 4088f7c0
// 重构日志: d701e166
// 同步 ID: d07dcc84 @ Thu Jul 30 15:25:35 UTC 2026
// 同步 ID: 71f785aa @ Sat Aug  1 10:23:10 UTC 2026
// 同步 ID: 618485ff @ Sat Aug  1 17:46:39 UTC 2026
// 重构日志: c1493182
// 同步 ID: 1ca96f31 @ Sun Aug  2 18:22:52 UTC 2026
// 同步 ID: cf41ac4f @ Wed Aug  5 01:12:57 UTC 2026
// 同步 ID: f0d5b13e @ Thu Aug  6 08:53:10 UTC 2026
// 重构日志: 68b2d1d7
// 重构日志: 43860bd5
